Analysis & Synthesis report for spi
Sat Nov 30 19:23:17 2019
Quartus II 64-Bit Version 13.1.0 Build 162 10/23/2013 SJ Full Version


---------------------
; Table of Contents ;
---------------------
  1. Legal Notice
  2. Analysis & Synthesis Summary
  3. Analysis & Synthesis Settings
  4. Parallel Compilation
  5. Analysis & Synthesis Source Files Read
  6. Analysis & Synthesis Resource Usage Summary
  7. Analysis & Synthesis Resource Utilization by Entity
  8. Registers Removed During Synthesis
  9. General Register Statistics
 10. Multiplexer Restructuring Statistics (Restructuring Performed)
 11. Source assignments for Top-level Entity: |spi_slave_module
 12. Source assignments for spi_func_module:U1
 13. Parameter Settings for User Entity Instance: spi_control_module:U2
 14. Parameter Settings for User Entity Instance: pwm:PWM_Top_Left_Coxa_Module
 15. Parameter Settings for User Entity Instance: pwm:PWM_Top_Left_Femur_Module
 16. Parameter Settings for User Entity Instance: pwm:PWM_Top_Left_Tibia_Module
 17. Parameter Settings for User Entity Instance: pwm:PWM_Top_Right_Coxa_Module
 18. Parameter Settings for User Entity Instance: pwm:PWM_Top_Right_Femur_Module
 19. Parameter Settings for User Entity Instance: pwm:PWM_Top_Right_Tibia_Module
 20. Parameter Settings for User Entity Instance: pwm:PWM_Back_Left_Coxa_Module
 21. Parameter Settings for User Entity Instance: pwm:PWM_Back_Left_Femur_Module
 22. Parameter Settings for User Entity Instance: pwm:PWM_Back_Left_Tibia_Module
 23. Parameter Settings for User Entity Instance: pwm:PWM_Back_Right_Coxa_Module
 24. Parameter Settings for User Entity Instance: pwm:PWM_Back_Right_Femur_Module
 25. Parameter Settings for User Entity Instance: pwm:PWM_Back_Right_Tibia_Module
 26. Elapsed Time Per Partition
 27. Analysis & Synthesis Messages



----------------
; Legal Notice ;
----------------
Copyright (C) 1991-2013 Altera Corporation
Your use of Altera Corporation's design tools, logic functions 
and other software and tools, and its AMPP partner logic 
functions, and any output files from any of the foregoing 
(including device programming or simulation files), and any 
associated documentation or information are expressly subject 
to the terms and conditions of the Altera Program License 
Subscription Agreement, Altera MegaCore Function License 
Agreement, or other applicable license agreement, including, 
without limitation, that your use is for the sole purpose of 
programming logic devices manufactured by Altera and sold by 
Altera or its authorized distributors.  Please refer to the 
applicable agreement for further details.



+----------------------------------------------------------------------------------+
; Analysis & Synthesis Summary                                                     ;
+------------------------------------+---------------------------------------------+
; Analysis & Synthesis Status        ; Successful - Sat Nov 30 19:23:17 2019       ;
; Quartus II 64-Bit Version          ; 13.1.0 Build 162 10/23/2013 SJ Full Version ;
; Revision Name                      ; spi                                         ;
; Top-level Entity Name              ; spi_slave_module                            ;
; Family                             ; Cyclone IV E                                ;
; Total logic elements               ; 446                                         ;
;     Total combinational functions  ; 339                                         ;
;     Dedicated logic registers      ; 181                                         ;
; Total registers                    ; 181                                         ;
; Total pins                         ; 21                                          ;
; Total virtual pins                 ; 0                                           ;
; Total memory bits                  ; 0                                           ;
; Embedded Multiplier 9-bit elements ; 0                                           ;
; Total PLLs                         ; 0                                           ;
+------------------------------------+---------------------------------------------+


+----------------------------------------------------------------------------------------------------------------------+
; Analysis & Synthesis Settings                                                                                        ;
+----------------------------------------------------------------------------+--------------------+--------------------+
; Option                                                                     ; Setting            ; Default Value      ;
+----------------------------------------------------------------------------+--------------------+--------------------+
; Device                                                                     ; EP4CE10F17C8       ;                    ;
; Top-level entity name                                                      ; spi_slave_module   ; spi                ;
; Family name                                                                ; Cyclone IV E       ; Cyclone IV GX      ;
; Use smart compilation                                                      ; Off                ; Off                ;
; Enable parallel Assembler and TimeQuest Timing Analyzer during compilation ; On                 ; On                 ;
; Enable compact report table                                                ; Off                ; Off                ;
; Restructure Multiplexers                                                   ; Auto               ; Auto               ;
; Create Debugging Nodes for IP Cores                                        ; Off                ; Off                ;
; Preserve fewer node names                                                  ; On                 ; On                 ;
; Disable OpenCore Plus hardware evaluation                                  ; Off                ; Off                ;
; Verilog Version                                                            ; Verilog_2001       ; Verilog_2001       ;
; VHDL Version                                                               ; VHDL_1993          ; VHDL_1993          ;
; State Machine Processing                                                   ; Auto               ; Auto               ;
; Safe State Machine                                                         ; Off                ; Off                ;
; Extract Verilog State Machines                                             ; On                 ; On                 ;
; Extract VHDL State Machines                                                ; On                 ; On                 ;
; Ignore Verilog initial constructs                                          ; Off                ; Off                ;
; Iteration limit for constant Verilog loops                                 ; 5000               ; 5000               ;
; Iteration limit for non-constant Verilog loops                             ; 250                ; 250                ;
; Add Pass-Through Logic to Inferred RAMs                                    ; On                 ; On                 ;
; Infer RAMs from Raw Logic                                                  ; On                 ; On                 ;
; Parallel Synthesis                                                         ; On                 ; On                 ;
; DSP Block Balancing                                                        ; Auto               ; Auto               ;
; NOT Gate Push-Back                                                         ; On                 ; On                 ;
; Power-Up Don't Care                                                        ; On                 ; On                 ;
; Remove Redundant Logic Cells                                               ; Off                ; Off                ;
; Remove Duplicate Registers                                                 ; On                 ; On                 ;
; Ignore CARRY Buffers                                                       ; Off                ; Off                ;
; Ignore CASCADE Buffers                                                     ; Off                ; Off                ;
; Ignore GLOBAL Buffers                                                      ; Off                ; Off                ;
; Ignore ROW GLOBAL Buffers                                                  ; Off                ; Off                ;
; Ignore LCELL Buffers                                                       ; Off                ; Off                ;
; Ignore SOFT Buffers                                                        ; On                 ; On                 ;
; Limit AHDL Integers to 32 Bits                                             ; Off                ; Off                ;
; Optimization Technique                                                     ; Balanced           ; Balanced           ;
; Carry Chain Length                                                         ; 70                 ; 70                 ;
; Auto Carry Chains                                                          ; On                 ; On                 ;
; Auto Open-Drain Pins                                                       ; On                 ; On                 ;
; Perform WYSIWYG Primitive Resynthesis                                      ; Off                ; Off                ;
; Auto ROM Replacement                                                       ; On                 ; On                 ;
; Auto RAM Replacement                                                       ; On                 ; On                 ;
; Auto DSP Block Replacement                                                 ; On                 ; On                 ;
; Auto Shift Register Replacement                                            ; Auto               ; Auto               ;
; Allow Shift Register Merging across Hierarchies                            ; Auto               ; Auto               ;
; Auto Clock Enable Replacement                                              ; On                 ; On                 ;
; Strict RAM Replacement                                                     ; Off                ; Off                ;
; Allow Synchronous Control Signals                                          ; On                 ; On                 ;
; Force Use of Synchronous Clear Signals                                     ; Off                ; Off                ;
; Auto RAM Block Balancing                                                   ; On                 ; On                 ;
; Auto RAM to Logic Cell Conversion                                          ; Off                ; Off                ;
; Auto Resource Sharing                                                      ; Off                ; Off                ;
; Allow Any RAM Size For Recognition                                         ; Off                ; Off                ;
; Allow Any ROM Size For Recognition                                         ; Off                ; Off                ;
; Allow Any Shift Register Size For Recognition                              ; Off                ; Off                ;
; Use LogicLock Constraints during Resource Balancing                        ; On                 ; On                 ;
; Ignore translate_off and synthesis_off directives                          ; Off                ; Off                ;
; Timing-Driven Synthesis                                                    ; On                 ; On                 ;
; Report Parameter Settings                                                  ; On                 ; On                 ;
; Report Source Assignments                                                  ; On                 ; On                 ;
; Report Connectivity Checks                                                 ; On                 ; On                 ;
; Ignore Maximum Fan-Out Assignments                                         ; Off                ; Off                ;
; Synchronization Register Chain Length                                      ; 2                  ; 2                  ;
; PowerPlay Power Optimization                                               ; Normal compilation ; Normal compilation ;
; HDL message level                                                          ; Level2             ; Level2             ;
; Suppress Register Optimization Related Messages                            ; Off                ; Off                ;
; Number of Removed Registers Reported in Synthesis Report                   ; 5000               ; 5000               ;
; Number of Swept Nodes Reported in Synthesis Report                         ; 5000               ; 5000               ;
; Number of Inverted Registers Reported in Synthesis Report                  ; 100                ; 100                ;
; Clock MUX Protection                                                       ; On                 ; On                 ;
; Auto Gated Clock Conversion                                                ; Off                ; Off                ;
; Block Design Naming                                                        ; Auto               ; Auto               ;
; SDC constraint protection                                                  ; Off                ; Off                ;
; Synthesis Effort                                                           ; Auto               ; Auto               ;
; Shift Register Replacement - Allow Asynchronous Clear Signal               ; On                 ; On                 ;
; Pre-Mapping Resynthesis Optimization                                       ; Off                ; Off                ;
; Analysis & Synthesis Message Level                                         ; Medium             ; Medium             ;
; Disable Register Merging Across Hierarchies                                ; Auto               ; Auto               ;
; Resource Aware Inference For Block RAM                                     ; On                 ; On                 ;
; Synthesis Seed                                                             ; 1                  ; 1                  ;
+----------------------------------------------------------------------------+--------------------+--------------------+


+------------------------------------------+
; Parallel Compilation                     ;
+----------------------------+-------------+
; Processors                 ; Number      ;
+----------------------------+-------------+
; Number detected on machine ; 4           ;
; Maximum allowed            ; 4           ;
;                            ;             ;
; Average used               ; 1.00        ;
; Maximum used               ; 1           ;
;                            ;             ;
; Usage by Processor         ; % Time Used ;
;     Processor 1            ; 100.0%      ;
;     Processors 2-4         ;   0.0%      ;
+----------------------------+-------------+


+-------------------------------------------------------------------------------------------------------------------------------------------------+
; Analysis & Synthesis Source Files Read                                                                                                          ;
+----------------------------------+-----------------+------------------------+---------------------------------------------------------+---------+
; File Name with User-Entered Path ; Used in Netlist ; File Type              ; File Name with Absolute Path                            ; Library ;
+----------------------------------+-----------------+------------------------+---------------------------------------------------------+---------+
; ../module/pwm.v                  ; yes             ; User Verilog HDL File  ; E:/OpenEdvFPGA/spider_robot/module/pwm.v                ;         ;
; ../module/spi_slave_module.v     ; yes             ; User Verilog HDL File  ; E:/OpenEdvFPGA/spider_robot/module/spi_slave_module.v   ;         ;
; ../module/spi_control_module.v   ; yes             ; User Verilog HDL File  ; E:/OpenEdvFPGA/spider_robot/module/spi_control_module.v ;         ;
; ../module/spi_func_module.v      ; yes             ; User Verilog HDL File  ; E:/OpenEdvFPGA/spider_robot/module/spi_func_module.v    ;         ;
+----------------------------------+-----------------+------------------------+---------------------------------------------------------+---------+


+---------------------------------------------------------+
; Analysis & Synthesis Resource Usage Summary             ;
+---------------------------------------------+-----------+
; Resource                                    ; Usage     ;
+---------------------------------------------+-----------+
; Estimated Total logic elements              ; 446       ;
;                                             ;           ;
; Total combinational functions               ; 339       ;
; Logic element usage by number of LUT inputs ;           ;
;     -- 4 input functions                    ; 192       ;
;     -- 3 input functions                    ; 57        ;
;     -- <=2 input functions                  ; 90        ;
;                                             ;           ;
; Logic elements by mode                      ;           ;
;     -- normal mode                          ; 306       ;
;     -- arithmetic mode                      ; 33        ;
;                                             ;           ;
; Total registers                             ; 181       ;
;     -- Dedicated logic registers            ; 181       ;
;     -- I/O registers                        ; 0         ;
;                                             ;           ;
; I/O pins                                    ; 21        ;
; Embedded Multiplier 9-bit elements          ; 0         ;
; Maximum fan-out node                        ; clk~input ;
; Maximum fan-out                             ; 181       ;
; Total fan-out                               ; 1825      ;
; Average fan-out                             ; 3.25      ;
+---------------------------------------------+-----------+


+---------------------------------------------------------------------------------------------------------------------------------------------------------------------------------------------------------------------+
; Analysis & Synthesis Resource Utilization by Entity                                                                                                                                                                 ;
+--------------------------------------+-------------------+--------------+-------------+--------------+---------+-----------+------+--------------+---------------------------------------------------+--------------+
; Compilation Hierarchy Node           ; LC Combinationals ; LC Registers ; Memory Bits ; DSP Elements ; DSP 9x9 ; DSP 18x18 ; Pins ; Virtual Pins ; Full Hierarchy Name                               ; Library Name ;
+--------------------------------------+-------------------+--------------+-------------+--------------+---------+-----------+------+--------------+---------------------------------------------------+--------------+
; |spi_slave_module                    ; 339 (10)          ; 181 (0)      ; 0           ; 0            ; 0       ; 0         ; 21   ; 0            ; |spi_slave_module                                 ; work         ;
;    |pwm:PWM_Back_Left_Coxa_Module|   ; 46 (46)           ; 21 (21)      ; 0           ; 0            ; 0       ; 0         ; 0    ; 0            ; |spi_slave_module|pwm:PWM_Back_Left_Coxa_Module   ; work         ;
;    |pwm:PWM_Back_Left_Femur_Module|  ; 10 (10)           ; 1 (1)        ; 0           ; 0            ; 0       ; 0         ; 0    ; 0            ; |spi_slave_module|pwm:PWM_Back_Left_Femur_Module  ; work         ;
;    |pwm:PWM_Back_Left_Tibia_Module|  ; 10 (10)           ; 1 (1)        ; 0           ; 0            ; 0       ; 0         ; 0    ; 0            ; |spi_slave_module|pwm:PWM_Back_Left_Tibia_Module  ; work         ;
;    |pwm:PWM_Back_Right_Coxa_Module|  ; 10 (10)           ; 1 (1)        ; 0           ; 0            ; 0       ; 0         ; 0    ; 0            ; |spi_slave_module|pwm:PWM_Back_Right_Coxa_Module  ; work         ;
;    |pwm:PWM_Back_Right_Femur_Module| ; 10 (10)           ; 1 (1)        ; 0           ; 0            ; 0       ; 0         ; 0    ; 0            ; |spi_slave_module|pwm:PWM_Back_Right_Femur_Module ; work         ;
;    |pwm:PWM_Back_Right_Tibia_Module| ; 11 (11)           ; 1 (1)        ; 0           ; 0            ; 0       ; 0         ; 0    ; 0            ; |spi_slave_module|pwm:PWM_Back_Right_Tibia_Module ; work         ;
;    |pwm:PWM_Top_Left_Coxa_Module|    ; 60 (60)           ; 1 (1)        ; 0           ; 0            ; 0       ; 0         ; 0    ; 0            ; |spi_slave_module|pwm:PWM_Top_Left_Coxa_Module    ; work         ;
;    |pwm:PWM_Top_Left_Femur_Module|   ; 10 (10)           ; 1 (1)        ; 0           ; 0            ; 0       ; 0         ; 0    ; 0            ; |spi_slave_module|pwm:PWM_Top_Left_Femur_Module   ; work         ;
;    |pwm:PWM_Top_Left_Tibia_Module|   ; 10 (10)           ; 1 (1)        ; 0           ; 0            ; 0       ; 0         ; 0    ; 0            ; |spi_slave_module|pwm:PWM_Top_Left_Tibia_Module   ; work         ;
;    |pwm:PWM_Top_Right_Coxa_Module|   ; 10 (10)           ; 1 (1)        ; 0           ; 0            ; 0       ; 0         ; 0    ; 0            ; |spi_slave_module|pwm:PWM_Top_Right_Coxa_Module   ; work         ;
;    |pwm:PWM_Top_Right_Femur_Module|  ; 10 (10)           ; 1 (1)        ; 0           ; 0            ; 0       ; 0         ; 0    ; 0            ; |spi_slave_module|pwm:PWM_Top_Right_Femur_Module  ; work         ;
;    |pwm:PWM_Top_Right_Tibia_Module|  ; 10 (10)           ; 1 (1)        ; 0           ; 0            ; 0       ; 0         ; 0    ; 0            ; |spi_slave_module|pwm:PWM_Top_Right_Tibia_Module  ; work         ;
;    |spi_control_module:U2|           ; 44 (44)           ; 108 (108)    ; 0           ; 0            ; 0       ; 0         ; 0    ; 0            ; |spi_slave_module|spi_control_module:U2           ; work         ;
;    |spi_func_module:U1|              ; 78 (78)           ; 41 (41)      ; 0           ; 0            ; 0       ; 0         ; 0    ; 0            ; |spi_slave_module|spi_func_module:U1              ; work         ;
+--------------------------------------+-------------------+--------------+-------------+--------------+---------+-----------+------+--------------+---------------------------------------------------+--------------+
Note: For table entries with two numbers listed, the numbers in parentheses indicate the number of resources of the given type used by the specific entity alone. The numbers listed outside of parentheses indicate the total resources of the given type used by the specific entity and all of its sub-entities in the hierarchy.


+--------------------------------------------------------------------------------------------+
; Registers Removed During Synthesis                                                         ;
+-----------------------------------------+--------------------------------------------------+
; Register name                           ; Reason for Removal                               ;
+-----------------------------------------+--------------------------------------------------+
; spi_control_module:U2|oData[0,1,3,5]    ; Stuck at GND due to stuck port data_in           ;
; spi_control_module:U2|oData[4,6,7]      ; Merged with spi_control_module:U2|oData[2]       ;
; spi_func_module:U1|ncs_r[2]             ; Merged with spi_control_module:U2|ncs_r[2]       ;
; spi_control_module:U2|i[5..7]           ; Merged with spi_control_module:U2|i[4]           ;
; pwm:PWM_Back_Left_Femur_Module|C1[19]   ; Merged with pwm:PWM_Back_Left_Coxa_Module|C1[19] ;
; pwm:PWM_Back_Left_Tibia_Module|C1[19]   ; Merged with pwm:PWM_Back_Left_Coxa_Module|C1[19] ;
; pwm:PWM_Back_Right_Coxa_Module|C1[19]   ; Merged with pwm:PWM_Back_Left_Coxa_Module|C1[19] ;
; pwm:PWM_Back_Right_Femur_Module|C1[19]  ; Merged with pwm:PWM_Back_Left_Coxa_Module|C1[19] ;
; pwm:PWM_Back_Right_Tibia_Module|C1[19]  ; Merged with pwm:PWM_Back_Left_Coxa_Module|C1[19] ;
; pwm:PWM_Top_Left_Coxa_Module|C1[19]     ; Merged with pwm:PWM_Back_Left_Coxa_Module|C1[19] ;
; pwm:PWM_Top_Left_Femur_Module|C1[19]    ; Merged with pwm:PWM_Back_Left_Coxa_Module|C1[19] ;
; pwm:PWM_Top_Left_Tibia_Module|C1[19]    ; Merged with pwm:PWM_Back_Left_Coxa_Module|C1[19] ;
; pwm:PWM_Top_Right_Coxa_Module|C1[19]    ; Merged with pwm:PWM_Back_Left_Coxa_Module|C1[19] ;
; pwm:PWM_Top_Right_Femur_Module|C1[19]   ; Merged with pwm:PWM_Back_Left_Coxa_Module|C1[19] ;
; pwm:PWM_Top_Right_Tibia_Module|C1[19]   ; Merged with pwm:PWM_Back_Left_Coxa_Module|C1[19] ;
; pwm:PWM_Back_Left_Femur_Module|C1[18]   ; Merged with pwm:PWM_Back_Left_Coxa_Module|C1[18] ;
; pwm:PWM_Back_Left_Tibia_Module|C1[18]   ; Merged with pwm:PWM_Back_Left_Coxa_Module|C1[18] ;
; pwm:PWM_Back_Right_Coxa_Module|C1[18]   ; Merged with pwm:PWM_Back_Left_Coxa_Module|C1[18] ;
; pwm:PWM_Back_Right_Femur_Module|C1[18]  ; Merged with pwm:PWM_Back_Left_Coxa_Module|C1[18] ;
; pwm:PWM_Back_Right_Tibia_Module|C1[18]  ; Merged with pwm:PWM_Back_Left_Coxa_Module|C1[18] ;
; pwm:PWM_Top_Left_Coxa_Module|C1[18]     ; Merged with pwm:PWM_Back_Left_Coxa_Module|C1[18] ;
; pwm:PWM_Top_Left_Femur_Module|C1[18]    ; Merged with pwm:PWM_Back_Left_Coxa_Module|C1[18] ;
; pwm:PWM_Top_Left_Tibia_Module|C1[18]    ; Merged with pwm:PWM_Back_Left_Coxa_Module|C1[18] ;
; pwm:PWM_Top_Right_Coxa_Module|C1[18]    ; Merged with pwm:PWM_Back_Left_Coxa_Module|C1[18] ;
; pwm:PWM_Top_Right_Femur_Module|C1[18]   ; Merged with pwm:PWM_Back_Left_Coxa_Module|C1[18] ;
; pwm:PWM_Top_Right_Tibia_Module|C1[18]   ; Merged with pwm:PWM_Back_Left_Coxa_Module|C1[18] ;
; pwm:PWM_Back_Left_Femur_Module|C1[17]   ; Merged with pwm:PWM_Back_Left_Coxa_Module|C1[17] ;
; pwm:PWM_Back_Left_Tibia_Module|C1[17]   ; Merged with pwm:PWM_Back_Left_Coxa_Module|C1[17] ;
; pwm:PWM_Back_Right_Coxa_Module|C1[17]   ; Merged with pwm:PWM_Back_Left_Coxa_Module|C1[17] ;
; pwm:PWM_Back_Right_Femur_Module|C1[17]  ; Merged with pwm:PWM_Back_Left_Coxa_Module|C1[17] ;
; pwm:PWM_Back_Right_Tibia_Module|C1[17]  ; Merged with pwm:PWM_Back_Left_Coxa_Module|C1[17] ;
; pwm:PWM_Top_Left_Coxa_Module|C1[17]     ; Merged with pwm:PWM_Back_Left_Coxa_Module|C1[17] ;
; pwm:PWM_Top_Left_Femur_Module|C1[17]    ; Merged with pwm:PWM_Back_Left_Coxa_Module|C1[17] ;
; pwm:PWM_Top_Left_Tibia_Module|C1[17]    ; Merged with pwm:PWM_Back_Left_Coxa_Module|C1[17] ;
; pwm:PWM_Top_Right_Coxa_Module|C1[17]    ; Merged with pwm:PWM_Back_Left_Coxa_Module|C1[17] ;
; pwm:PWM_Top_Right_Femur_Module|C1[17]   ; Merged with pwm:PWM_Back_Left_Coxa_Module|C1[17] ;
; pwm:PWM_Top_Right_Tibia_Module|C1[17]   ; Merged with pwm:PWM_Back_Left_Coxa_Module|C1[17] ;
; pwm:PWM_Back_Left_Femur_Module|C1[16]   ; Merged with pwm:PWM_Back_Left_Coxa_Module|C1[16] ;
; pwm:PWM_Back_Left_Tibia_Module|C1[16]   ; Merged with pwm:PWM_Back_Left_Coxa_Module|C1[16] ;
; pwm:PWM_Back_Right_Coxa_Module|C1[16]   ; Merged with pwm:PWM_Back_Left_Coxa_Module|C1[16] ;
; pwm:PWM_Back_Right_Femur_Module|C1[16]  ; Merged with pwm:PWM_Back_Left_Coxa_Module|C1[16] ;
; pwm:PWM_Back_Right_Tibia_Module|C1[16]  ; Merged with pwm:PWM_Back_Left_Coxa_Module|C1[16] ;
; pwm:PWM_Top_Left_Coxa_Module|C1[16]     ; Merged with pwm:PWM_Back_Left_Coxa_Module|C1[16] ;
; pwm:PWM_Top_Left_Femur_Module|C1[16]    ; Merged with pwm:PWM_Back_Left_Coxa_Module|C1[16] ;
; pwm:PWM_Top_Left_Tibia_Module|C1[16]    ; Merged with pwm:PWM_Back_Left_Coxa_Module|C1[16] ;
; pwm:PWM_Top_Right_Coxa_Module|C1[16]    ; Merged with pwm:PWM_Back_Left_Coxa_Module|C1[16] ;
; pwm:PWM_Top_Right_Femur_Module|C1[16]   ; Merged with pwm:PWM_Back_Left_Coxa_Module|C1[16] ;
; pwm:PWM_Top_Right_Tibia_Module|C1[16]   ; Merged with pwm:PWM_Back_Left_Coxa_Module|C1[16] ;
; pwm:PWM_Back_Left_Femur_Module|C1[15]   ; Merged with pwm:PWM_Back_Left_Coxa_Module|C1[15] ;
; pwm:PWM_Back_Left_Tibia_Module|C1[15]   ; Merged with pwm:PWM_Back_Left_Coxa_Module|C1[15] ;
; pwm:PWM_Back_Right_Coxa_Module|C1[15]   ; Merged with pwm:PWM_Back_Left_Coxa_Module|C1[15] ;
; pwm:PWM_Back_Right_Femur_Module|C1[15]  ; Merged with pwm:PWM_Back_Left_Coxa_Module|C1[15] ;
; pwm:PWM_Back_Right_Tibia_Module|C1[15]  ; Merged with pwm:PWM_Back_Left_Coxa_Module|C1[15] ;
; pwm:PWM_Top_Left_Coxa_Module|C1[15]     ; Merged with pwm:PWM_Back_Left_Coxa_Module|C1[15] ;
; pwm:PWM_Top_Left_Femur_Module|C1[15]    ; Merged with pwm:PWM_Back_Left_Coxa_Module|C1[15] ;
; pwm:PWM_Top_Left_Tibia_Module|C1[15]    ; Merged with pwm:PWM_Back_Left_Coxa_Module|C1[15] ;
; pwm:PWM_Top_Right_Coxa_Module|C1[15]    ; Merged with pwm:PWM_Back_Left_Coxa_Module|C1[15] ;
; pwm:PWM_Top_Right_Femur_Module|C1[15]   ; Merged with pwm:PWM_Back_Left_Coxa_Module|C1[15] ;
; pwm:PWM_Top_Right_Tibia_Module|C1[15]   ; Merged with pwm:PWM_Back_Left_Coxa_Module|C1[15] ;
; pwm:PWM_Back_Left_Femur_Module|C1[14]   ; Merged with pwm:PWM_Back_Left_Coxa_Module|C1[14] ;
; pwm:PWM_Back_Left_Tibia_Module|C1[14]   ; Merged with pwm:PWM_Back_Left_Coxa_Module|C1[14] ;
; pwm:PWM_Back_Right_Coxa_Module|C1[14]   ; Merged with pwm:PWM_Back_Left_Coxa_Module|C1[14] ;
; pwm:PWM_Back_Right_Femur_Module|C1[14]  ; Merged with pwm:PWM_Back_Left_Coxa_Module|C1[14] ;
; pwm:PWM_Back_Right_Tibia_Module|C1[14]  ; Merged with pwm:PWM_Back_Left_Coxa_Module|C1[14] ;
; pwm:PWM_Top_Left_Coxa_Module|C1[14]     ; Merged with pwm:PWM_Back_Left_Coxa_Module|C1[14] ;
; pwm:PWM_Top_Left_Femur_Module|C1[14]    ; Merged with pwm:PWM_Back_Left_Coxa_Module|C1[14] ;
; pwm:PWM_Top_Left_Tibia_Module|C1[14]    ; Merged with pwm:PWM_Back_Left_Coxa_Module|C1[14] ;
; pwm:PWM_Top_Right_Coxa_Module|C1[14]    ; Merged with pwm:PWM_Back_Left_Coxa_Module|C1[14] ;
; pwm:PWM_Top_Right_Femur_Module|C1[14]   ; Merged with pwm:PWM_Back_Left_Coxa_Module|C1[14] ;
; pwm:PWM_Top_Right_Tibia_Module|C1[14]   ; Merged with pwm:PWM_Back_Left_Coxa_Module|C1[14] ;
; pwm:PWM_Back_Left_Femur_Module|C1[13]   ; Merged with pwm:PWM_Back_Left_Coxa_Module|C1[13] ;
; pwm:PWM_Back_Left_Tibia_Module|C1[13]   ; Merged with pwm:PWM_Back_Left_Coxa_Module|C1[13] ;
; pwm:PWM_Back_Right_Coxa_Module|C1[13]   ; Merged with pwm:PWM_Back_Left_Coxa_Module|C1[13] ;
; pwm:PWM_Back_Right_Femur_Module|C1[13]  ; Merged with pwm:PWM_Back_Left_Coxa_Module|C1[13] ;
; pwm:PWM_Back_Right_Tibia_Module|C1[13]  ; Merged with pwm:PWM_Back_Left_Coxa_Module|C1[13] ;
; pwm:PWM_Top_Left_Coxa_Module|C1[13]     ; Merged with pwm:PWM_Back_Left_Coxa_Module|C1[13] ;
; pwm:PWM_Top_Left_Femur_Module|C1[13]    ; Merged with pwm:PWM_Back_Left_Coxa_Module|C1[13] ;
; pwm:PWM_Top_Left_Tibia_Module|C1[13]    ; Merged with pwm:PWM_Back_Left_Coxa_Module|C1[13] ;
; pwm:PWM_Top_Right_Coxa_Module|C1[13]    ; Merged with pwm:PWM_Back_Left_Coxa_Module|C1[13] ;
; pwm:PWM_Top_Right_Femur_Module|C1[13]   ; Merged with pwm:PWM_Back_Left_Coxa_Module|C1[13] ;
; pwm:PWM_Top_Right_Tibia_Module|C1[13]   ; Merged with pwm:PWM_Back_Left_Coxa_Module|C1[13] ;
; pwm:PWM_Back_Left_Femur_Module|C1[12]   ; Merged with pwm:PWM_Back_Left_Coxa_Module|C1[12] ;
; pwm:PWM_Back_Left_Tibia_Module|C1[12]   ; Merged with pwm:PWM_Back_Left_Coxa_Module|C1[12] ;
; pwm:PWM_Back_Right_Coxa_Module|C1[12]   ; Merged with pwm:PWM_Back_Left_Coxa_Module|C1[12] ;
; pwm:PWM_Back_Right_Femur_Module|C1[12]  ; Merged with pwm:PWM_Back_Left_Coxa_Module|C1[12] ;
; pwm:PWM_Back_Right_Tibia_Module|C1[12]  ; Merged with pwm:PWM_Back_Left_Coxa_Module|C1[12] ;
; pwm:PWM_Top_Left_Coxa_Module|C1[12]     ; Merged with pwm:PWM_Back_Left_Coxa_Module|C1[12] ;
; pwm:PWM_Top_Left_Femur_Module|C1[12]    ; Merged with pwm:PWM_Back_Left_Coxa_Module|C1[12] ;
; pwm:PWM_Top_Left_Tibia_Module|C1[12]    ; Merged with pwm:PWM_Back_Left_Coxa_Module|C1[12] ;
; pwm:PWM_Top_Right_Coxa_Module|C1[12]    ; Merged with pwm:PWM_Back_Left_Coxa_Module|C1[12] ;
; pwm:PWM_Top_Right_Femur_Module|C1[12]   ; Merged with pwm:PWM_Back_Left_Coxa_Module|C1[12] ;
; pwm:PWM_Top_Right_Tibia_Module|C1[12]   ; Merged with pwm:PWM_Back_Left_Coxa_Module|C1[12] ;
; pwm:PWM_Back_Left_Femur_Module|C1[11]   ; Merged with pwm:PWM_Back_Left_Coxa_Module|C1[11] ;
; pwm:PWM_Back_Left_Tibia_Module|C1[11]   ; Merged with pwm:PWM_Back_Left_Coxa_Module|C1[11] ;
; pwm:PWM_Back_Right_Coxa_Module|C1[11]   ; Merged with pwm:PWM_Back_Left_Coxa_Module|C1[11] ;
; pwm:PWM_Back_Right_Femur_Module|C1[11]  ; Merged with pwm:PWM_Back_Left_Coxa_Module|C1[11] ;
; pwm:PWM_Back_Right_Tibia_Module|C1[11]  ; Merged with pwm:PWM_Back_Left_Coxa_Module|C1[11] ;
; pwm:PWM_Top_Left_Coxa_Module|C1[11]     ; Merged with pwm:PWM_Back_Left_Coxa_Module|C1[11] ;
; pwm:PWM_Top_Left_Femur_Module|C1[11]    ; Merged with pwm:PWM_Back_Left_Coxa_Module|C1[11] ;
; pwm:PWM_Top_Left_Tibia_Module|C1[11]    ; Merged with pwm:PWM_Back_Left_Coxa_Module|C1[11] ;
; pwm:PWM_Top_Right_Coxa_Module|C1[11]    ; Merged with pwm:PWM_Back_Left_Coxa_Module|C1[11] ;
; pwm:PWM_Top_Right_Femur_Module|C1[11]   ; Merged with pwm:PWM_Back_Left_Coxa_Module|C1[11] ;
; pwm:PWM_Top_Right_Tibia_Module|C1[11]   ; Merged with pwm:PWM_Back_Left_Coxa_Module|C1[11] ;
; pwm:PWM_Back_Left_Femur_Module|C1[10]   ; Merged with pwm:PWM_Back_Left_Coxa_Module|C1[10] ;
; pwm:PWM_Back_Left_Tibia_Module|C1[10]   ; Merged with pwm:PWM_Back_Left_Coxa_Module|C1[10] ;
; pwm:PWM_Back_Right_Coxa_Module|C1[10]   ; Merged with pwm:PWM_Back_Left_Coxa_Module|C1[10] ;
; pwm:PWM_Back_Right_Femur_Module|C1[10]  ; Merged with pwm:PWM_Back_Left_Coxa_Module|C1[10] ;
; pwm:PWM_Back_Right_Tibia_Module|C1[10]  ; Merged with pwm:PWM_Back_Left_Coxa_Module|C1[10] ;
; pwm:PWM_Top_Left_Coxa_Module|C1[10]     ; Merged with pwm:PWM_Back_Left_Coxa_Module|C1[10] ;
; pwm:PWM_Top_Left_Femur_Module|C1[10]    ; Merged with pwm:PWM_Back_Left_Coxa_Module|C1[10] ;
; pwm:PWM_Top_Left_Tibia_Module|C1[10]    ; Merged with pwm:PWM_Back_Left_Coxa_Module|C1[10] ;
; pwm:PWM_Top_Right_Coxa_Module|C1[10]    ; Merged with pwm:PWM_Back_Left_Coxa_Module|C1[10] ;
; pwm:PWM_Top_Right_Femur_Module|C1[10]   ; Merged with pwm:PWM_Back_Left_Coxa_Module|C1[10] ;
; pwm:PWM_Top_Right_Tibia_Module|C1[10]   ; Merged with pwm:PWM_Back_Left_Coxa_Module|C1[10] ;
; pwm:PWM_Back_Left_Femur_Module|C1[9]    ; Merged with pwm:PWM_Back_Left_Coxa_Module|C1[9]  ;
; pwm:PWM_Back_Left_Tibia_Module|C1[9]    ; Merged with pwm:PWM_Back_Left_Coxa_Module|C1[9]  ;
; pwm:PWM_Back_Right_Coxa_Module|C1[9]    ; Merged with pwm:PWM_Back_Left_Coxa_Module|C1[9]  ;
; pwm:PWM_Back_Right_Femur_Module|C1[9]   ; Merged with pwm:PWM_Back_Left_Coxa_Module|C1[9]  ;
; pwm:PWM_Back_Right_Tibia_Module|C1[9]   ; Merged with pwm:PWM_Back_Left_Coxa_Module|C1[9]  ;
; pwm:PWM_Top_Left_Coxa_Module|C1[9]      ; Merged with pwm:PWM_Back_Left_Coxa_Module|C1[9]  ;
; pwm:PWM_Top_Left_Femur_Module|C1[9]     ; Merged with pwm:PWM_Back_Left_Coxa_Module|C1[9]  ;
; pwm:PWM_Top_Left_Tibia_Module|C1[9]     ; Merged with pwm:PWM_Back_Left_Coxa_Module|C1[9]  ;
; pwm:PWM_Top_Right_Coxa_Module|C1[9]     ; Merged with pwm:PWM_Back_Left_Coxa_Module|C1[9]  ;
; pwm:PWM_Top_Right_Femur_Module|C1[9]    ; Merged with pwm:PWM_Back_Left_Coxa_Module|C1[9]  ;
; pwm:PWM_Top_Right_Tibia_Module|C1[9]    ; Merged with pwm:PWM_Back_Left_Coxa_Module|C1[9]  ;
; pwm:PWM_Back_Left_Femur_Module|C1[8]    ; Merged with pwm:PWM_Back_Left_Coxa_Module|C1[8]  ;
; pwm:PWM_Back_Left_Tibia_Module|C1[8]    ; Merged with pwm:PWM_Back_Left_Coxa_Module|C1[8]  ;
; pwm:PWM_Back_Right_Coxa_Module|C1[8]    ; Merged with pwm:PWM_Back_Left_Coxa_Module|C1[8]  ;
; pwm:PWM_Back_Right_Femur_Module|C1[8]   ; Merged with pwm:PWM_Back_Left_Coxa_Module|C1[8]  ;
; pwm:PWM_Back_Right_Tibia_Module|C1[8]   ; Merged with pwm:PWM_Back_Left_Coxa_Module|C1[8]  ;
; pwm:PWM_Top_Left_Coxa_Module|C1[8]      ; Merged with pwm:PWM_Back_Left_Coxa_Module|C1[8]  ;
; pwm:PWM_Top_Left_Femur_Module|C1[8]     ; Merged with pwm:PWM_Back_Left_Coxa_Module|C1[8]  ;
; pwm:PWM_Top_Left_Tibia_Module|C1[8]     ; Merged with pwm:PWM_Back_Left_Coxa_Module|C1[8]  ;
; pwm:PWM_Top_Right_Coxa_Module|C1[8]     ; Merged with pwm:PWM_Back_Left_Coxa_Module|C1[8]  ;
; pwm:PWM_Top_Right_Femur_Module|C1[8]    ; Merged with pwm:PWM_Back_Left_Coxa_Module|C1[8]  ;
; pwm:PWM_Top_Right_Tibia_Module|C1[8]    ; Merged with pwm:PWM_Back_Left_Coxa_Module|C1[8]  ;
; pwm:PWM_Back_Left_Femur_Module|C1[7]    ; Merged with pwm:PWM_Back_Left_Coxa_Module|C1[7]  ;
; pwm:PWM_Back_Left_Tibia_Module|C1[7]    ; Merged with pwm:PWM_Back_Left_Coxa_Module|C1[7]  ;
; pwm:PWM_Back_Right_Coxa_Module|C1[7]    ; Merged with pwm:PWM_Back_Left_Coxa_Module|C1[7]  ;
; pwm:PWM_Back_Right_Femur_Module|C1[7]   ; Merged with pwm:PWM_Back_Left_Coxa_Module|C1[7]  ;
; pwm:PWM_Back_Right_Tibia_Module|C1[7]   ; Merged with pwm:PWM_Back_Left_Coxa_Module|C1[7]  ;
; pwm:PWM_Top_Left_Coxa_Module|C1[7]      ; Merged with pwm:PWM_Back_Left_Coxa_Module|C1[7]  ;
; pwm:PWM_Top_Left_Femur_Module|C1[7]     ; Merged with pwm:PWM_Back_Left_Coxa_Module|C1[7]  ;
; pwm:PWM_Top_Left_Tibia_Module|C1[7]     ; Merged with pwm:PWM_Back_Left_Coxa_Module|C1[7]  ;
; pwm:PWM_Top_Right_Coxa_Module|C1[7]     ; Merged with pwm:PWM_Back_Left_Coxa_Module|C1[7]  ;
; pwm:PWM_Top_Right_Femur_Module|C1[7]    ; Merged with pwm:PWM_Back_Left_Coxa_Module|C1[7]  ;
; pwm:PWM_Top_Right_Tibia_Module|C1[7]    ; Merged with pwm:PWM_Back_Left_Coxa_Module|C1[7]  ;
; pwm:PWM_Back_Left_Femur_Module|C1[6]    ; Merged with pwm:PWM_Back_Left_Coxa_Module|C1[6]  ;
; pwm:PWM_Back_Left_Tibia_Module|C1[6]    ; Merged with pwm:PWM_Back_Left_Coxa_Module|C1[6]  ;
; pwm:PWM_Back_Right_Coxa_Module|C1[6]    ; Merged with pwm:PWM_Back_Left_Coxa_Module|C1[6]  ;
; pwm:PWM_Back_Right_Femur_Module|C1[6]   ; Merged with pwm:PWM_Back_Left_Coxa_Module|C1[6]  ;
; pwm:PWM_Back_Right_Tibia_Module|C1[6]   ; Merged with pwm:PWM_Back_Left_Coxa_Module|C1[6]  ;
; pwm:PWM_Top_Left_Coxa_Module|C1[6]      ; Merged with pwm:PWM_Back_Left_Coxa_Module|C1[6]  ;
; pwm:PWM_Top_Left_Femur_Module|C1[6]     ; Merged with pwm:PWM_Back_Left_Coxa_Module|C1[6]  ;
; pwm:PWM_Top_Left_Tibia_Module|C1[6]     ; Merged with pwm:PWM_Back_Left_Coxa_Module|C1[6]  ;
; pwm:PWM_Top_Right_Coxa_Module|C1[6]     ; Merged with pwm:PWM_Back_Left_Coxa_Module|C1[6]  ;
; pwm:PWM_Top_Right_Femur_Module|C1[6]    ; Merged with pwm:PWM_Back_Left_Coxa_Module|C1[6]  ;
; pwm:PWM_Top_Right_Tibia_Module|C1[6]    ; Merged with pwm:PWM_Back_Left_Coxa_Module|C1[6]  ;
; pwm:PWM_Back_Left_Femur_Module|C1[5]    ; Merged with pwm:PWM_Back_Left_Coxa_Module|C1[5]  ;
; pwm:PWM_Back_Left_Tibia_Module|C1[5]    ; Merged with pwm:PWM_Back_Left_Coxa_Module|C1[5]  ;
; pwm:PWM_Back_Right_Coxa_Module|C1[5]    ; Merged with pwm:PWM_Back_Left_Coxa_Module|C1[5]  ;
; pwm:PWM_Back_Right_Femur_Module|C1[5]   ; Merged with pwm:PWM_Back_Left_Coxa_Module|C1[5]  ;
; pwm:PWM_Back_Right_Tibia_Module|C1[5]   ; Merged with pwm:PWM_Back_Left_Coxa_Module|C1[5]  ;
; pwm:PWM_Top_Left_Coxa_Module|C1[5]      ; Merged with pwm:PWM_Back_Left_Coxa_Module|C1[5]  ;
; pwm:PWM_Top_Left_Femur_Module|C1[5]     ; Merged with pwm:PWM_Back_Left_Coxa_Module|C1[5]  ;
; pwm:PWM_Top_Left_Tibia_Module|C1[5]     ; Merged with pwm:PWM_Back_Left_Coxa_Module|C1[5]  ;
; pwm:PWM_Top_Right_Coxa_Module|C1[5]     ; Merged with pwm:PWM_Back_Left_Coxa_Module|C1[5]  ;
; pwm:PWM_Top_Right_Femur_Module|C1[5]    ; Merged with pwm:PWM_Back_Left_Coxa_Module|C1[5]  ;
; pwm:PWM_Top_Right_Tibia_Module|C1[5]    ; Merged with pwm:PWM_Back_Left_Coxa_Module|C1[5]  ;
; pwm:PWM_Back_Left_Femur_Module|C1[4]    ; Merged with pwm:PWM_Back_Left_Coxa_Module|C1[4]  ;
; pwm:PWM_Back_Left_Tibia_Module|C1[4]    ; Merged with pwm:PWM_Back_Left_Coxa_Module|C1[4]  ;
; pwm:PWM_Back_Right_Coxa_Module|C1[4]    ; Merged with pwm:PWM_Back_Left_Coxa_Module|C1[4]  ;
; pwm:PWM_Back_Right_Femur_Module|C1[4]   ; Merged with pwm:PWM_Back_Left_Coxa_Module|C1[4]  ;
; pwm:PWM_Back_Right_Tibia_Module|C1[4]   ; Merged with pwm:PWM_Back_Left_Coxa_Module|C1[4]  ;
; pwm:PWM_Top_Left_Coxa_Module|C1[4]      ; Merged with pwm:PWM_Back_Left_Coxa_Module|C1[4]  ;
; pwm:PWM_Top_Left_Femur_Module|C1[4]     ; Merged with pwm:PWM_Back_Left_Coxa_Module|C1[4]  ;
; pwm:PWM_Top_Left_Tibia_Module|C1[4]     ; Merged with pwm:PWM_Back_Left_Coxa_Module|C1[4]  ;
; pwm:PWM_Top_Right_Coxa_Module|C1[4]     ; Merged with pwm:PWM_Back_Left_Coxa_Module|C1[4]  ;
; pwm:PWM_Top_Right_Femur_Module|C1[4]    ; Merged with pwm:PWM_Back_Left_Coxa_Module|C1[4]  ;
; pwm:PWM_Top_Right_Tibia_Module|C1[4]    ; Merged with pwm:PWM_Back_Left_Coxa_Module|C1[4]  ;
; pwm:PWM_Back_Left_Femur_Module|C1[3]    ; Merged with pwm:PWM_Back_Left_Coxa_Module|C1[3]  ;
; pwm:PWM_Back_Left_Tibia_Module|C1[3]    ; Merged with pwm:PWM_Back_Left_Coxa_Module|C1[3]  ;
; pwm:PWM_Back_Right_Coxa_Module|C1[3]    ; Merged with pwm:PWM_Back_Left_Coxa_Module|C1[3]  ;
; pwm:PWM_Back_Right_Femur_Module|C1[3]   ; Merged with pwm:PWM_Back_Left_Coxa_Module|C1[3]  ;
; pwm:PWM_Back_Right_Tibia_Module|C1[3]   ; Merged with pwm:PWM_Back_Left_Coxa_Module|C1[3]  ;
; pwm:PWM_Top_Left_Coxa_Module|C1[3]      ; Merged with pwm:PWM_Back_Left_Coxa_Module|C1[3]  ;
; pwm:PWM_Top_Left_Femur_Module|C1[3]     ; Merged with pwm:PWM_Back_Left_Coxa_Module|C1[3]  ;
; pwm:PWM_Top_Left_Tibia_Module|C1[3]     ; Merged with pwm:PWM_Back_Left_Coxa_Module|C1[3]  ;
; pwm:PWM_Top_Right_Coxa_Module|C1[3]     ; Merged with pwm:PWM_Back_Left_Coxa_Module|C1[3]  ;
; pwm:PWM_Top_Right_Femur_Module|C1[3]    ; Merged with pwm:PWM_Back_Left_Coxa_Module|C1[3]  ;
; pwm:PWM_Top_Right_Tibia_Module|C1[3]    ; Merged with pwm:PWM_Back_Left_Coxa_Module|C1[3]  ;
; pwm:PWM_Back_Left_Femur_Module|C1[2]    ; Merged with pwm:PWM_Back_Left_Coxa_Module|C1[2]  ;
; pwm:PWM_Back_Left_Tibia_Module|C1[2]    ; Merged with pwm:PWM_Back_Left_Coxa_Module|C1[2]  ;
; pwm:PWM_Back_Right_Coxa_Module|C1[2]    ; Merged with pwm:PWM_Back_Left_Coxa_Module|C1[2]  ;
; pwm:PWM_Back_Right_Femur_Module|C1[2]   ; Merged with pwm:PWM_Back_Left_Coxa_Module|C1[2]  ;
; pwm:PWM_Back_Right_Tibia_Module|C1[2]   ; Merged with pwm:PWM_Back_Left_Coxa_Module|C1[2]  ;
; pwm:PWM_Top_Left_Coxa_Module|C1[2]      ; Merged with pwm:PWM_Back_Left_Coxa_Module|C1[2]  ;
; pwm:PWM_Top_Left_Femur_Module|C1[2]     ; Merged with pwm:PWM_Back_Left_Coxa_Module|C1[2]  ;
; pwm:PWM_Top_Left_Tibia_Module|C1[2]     ; Merged with pwm:PWM_Back_Left_Coxa_Module|C1[2]  ;
; pwm:PWM_Top_Right_Coxa_Module|C1[2]     ; Merged with pwm:PWM_Back_Left_Coxa_Module|C1[2]  ;
; pwm:PWM_Top_Right_Femur_Module|C1[2]    ; Merged with pwm:PWM_Back_Left_Coxa_Module|C1[2]  ;
; pwm:PWM_Top_Right_Tibia_Module|C1[2]    ; Merged with pwm:PWM_Back_Left_Coxa_Module|C1[2]  ;
; pwm:PWM_Back_Left_Femur_Module|C1[1]    ; Merged with pwm:PWM_Back_Left_Coxa_Module|C1[1]  ;
; pwm:PWM_Back_Left_Tibia_Module|C1[1]    ; Merged with pwm:PWM_Back_Left_Coxa_Module|C1[1]  ;
; pwm:PWM_Back_Right_Coxa_Module|C1[1]    ; Merged with pwm:PWM_Back_Left_Coxa_Module|C1[1]  ;
; pwm:PWM_Back_Right_Femur_Module|C1[1]   ; Merged with pwm:PWM_Back_Left_Coxa_Module|C1[1]  ;
; pwm:PWM_Back_Right_Tibia_Module|C1[1]   ; Merged with pwm:PWM_Back_Left_Coxa_Module|C1[1]  ;
; pwm:PWM_Top_Left_Coxa_Module|C1[1]      ; Merged with pwm:PWM_Back_Left_Coxa_Module|C1[1]  ;
; pwm:PWM_Top_Left_Femur_Module|C1[1]     ; Merged with pwm:PWM_Back_Left_Coxa_Module|C1[1]  ;
; pwm:PWM_Top_Left_Tibia_Module|C1[1]     ; Merged with pwm:PWM_Back_Left_Coxa_Module|C1[1]  ;
; pwm:PWM_Top_Right_Coxa_Module|C1[1]     ; Merged with pwm:PWM_Back_Left_Coxa_Module|C1[1]  ;
; pwm:PWM_Top_Right_Femur_Module|C1[1]    ; Merged with pwm:PWM_Back_Left_Coxa_Module|C1[1]  ;
; pwm:PWM_Top_Right_Tibia_Module|C1[1]    ; Merged with pwm:PWM_Back_Left_Coxa_Module|C1[1]  ;
; pwm:PWM_Back_Left_Femur_Module|C1[0]    ; Merged with pwm:PWM_Back_Left_Coxa_Module|C1[0]  ;
; pwm:PWM_Back_Left_Tibia_Module|C1[0]    ; Merged with pwm:PWM_Back_Left_Coxa_Module|C1[0]  ;
; pwm:PWM_Back_Right_Coxa_Module|C1[0]    ; Merged with pwm:PWM_Back_Left_Coxa_Module|C1[0]  ;
; pwm:PWM_Back_Right_Femur_Module|C1[0]   ; Merged with pwm:PWM_Back_Left_Coxa_Module|C1[0]  ;
; pwm:PWM_Back_Right_Tibia_Module|C1[0]   ; Merged with pwm:PWM_Back_Left_Coxa_Module|C1[0]  ;
; pwm:PWM_Top_Left_Coxa_Module|C1[0]      ; Merged with pwm:PWM_Back_Left_Coxa_Module|C1[0]  ;
; pwm:PWM_Top_Left_Femur_Module|C1[0]     ; Merged with pwm:PWM_Back_Left_Coxa_Module|C1[0]  ;
; pwm:PWM_Top_Left_Tibia_Module|C1[0]     ; Merged with pwm:PWM_Back_Left_Coxa_Module|C1[0]  ;
; pwm:PWM_Top_Right_Coxa_Module|C1[0]     ; Merged with pwm:PWM_Back_Left_Coxa_Module|C1[0]  ;
; pwm:PWM_Top_Right_Femur_Module|C1[0]    ; Merged with pwm:PWM_Back_Left_Coxa_Module|C1[0]  ;
; pwm:PWM_Top_Right_Tibia_Module|C1[0]    ; Merged with pwm:PWM_Back_Left_Coxa_Module|C1[0]  ;
; spi_func_module:U1|ncs_r[1]             ; Merged with spi_control_module:U2|ncs_r[1]       ;
; spi_func_module:U1|ncs_r[0]             ; Merged with spi_control_module:U2|ncs_r[0]       ;
; spi_control_module:U2|i[4]              ; Stuck at GND due to stuck port data_in           ;
; Total Number of Removed Registers = 234 ;                                                  ;
+-----------------------------------------+--------------------------------------------------+


+------------------------------------------------------+
; General Register Statistics                          ;
+----------------------------------------------+-------+
; Statistic                                    ; Value ;
+----------------------------------------------+-------+
; Total registers                              ; 181   ;
; Number of registers using Synchronous Clear  ; 9     ;
; Number of registers using Synchronous Load   ; 5     ;
; Number of registers using Asynchronous Clear ; 181   ;
; Number of registers using Asynchronous Load  ; 0     ;
; Number of registers using Clock Enable       ; 120   ;
; Number of registers using Preset             ; 0     ;
+----------------------------------------------+-------+


+---------------------------------------------------------------------------------------------------------------------------------------------------------------------+
; Multiplexer Restructuring Statistics (Restructuring Performed)                                                                                                      ;
+--------------------+-----------+---------------+----------------------+------------------------+------------+-------------------------------------------------------+
; Multiplexer Inputs ; Bus Width ; Baseline Area ; Area if Restructured ; Saving if Restructured ; Registered ; Example Multiplexer Output                            ;
+--------------------+-----------+---------------+----------------------+------------------------+------------+-------------------------------------------------------+
; 3:1                ; 8 bits    ; 16 LEs        ; 8 LEs                ; 8 LEs                  ; Yes        ; |spi_slave_module|spi_func_module:U1|OData[4]         ;
; 4:1                ; 8 bits    ; 16 LEs        ; 8 LEs                ; 8 LEs                  ; Yes        ; |spi_slave_module|spi_func_module:U1|byte_received[7] ;
; 34:1               ; 4 bits    ; 88 LEs        ; 48 LEs               ; 40 LEs                 ; Yes        ; |spi_slave_module|spi_func_module:U1|rec_status[7]    ;
; 251:1              ; 2 bits    ; 334 LEs       ; 24 LEs               ; 310 LEs                ; Yes        ; |spi_slave_module|spi_func_module:U1|rec_status[0]    ;
; 252:1              ; 8 bits    ; 1344 LEs      ; 1328 LEs             ; 16 LEs                 ; Yes        ; |spi_slave_module|spi_func_module:U1|send_status[6]   ;
+--------------------+-----------+---------------+----------------------+------------------------+------------+-------------------------------------------------------+


+------------------------------------------------------------+
; Source assignments for Top-level Entity: |spi_slave_module ;
+------------------------------+-------+------+--------------+
; Assignment                   ; Value ; From ; To           ;
+------------------------------+-------+------+--------------+
; IGNORE_LCELL_BUFFERS         ; off   ; -    ; DoneU1[1]    ;
; REMOVE_REDUNDANT_LOGIC_CELLS ; off   ; -    ; DoneU1[1]    ;
; IGNORE_LCELL_BUFFERS         ; off   ; -    ; DoneU1[0]    ;
; REMOVE_REDUNDANT_LOGIC_CELLS ; off   ; -    ; DoneU1[0]    ;
; IGNORE_LCELL_BUFFERS         ; off   ; -    ; DataU1[7]    ;
; REMOVE_REDUNDANT_LOGIC_CELLS ; off   ; -    ; DataU1[7]    ;
; IGNORE_LCELL_BUFFERS         ; off   ; -    ; DataU1[6]    ;
; REMOVE_REDUNDANT_LOGIC_CELLS ; off   ; -    ; DataU1[6]    ;
; IGNORE_LCELL_BUFFERS         ; off   ; -    ; DataU1[5]    ;
; REMOVE_REDUNDANT_LOGIC_CELLS ; off   ; -    ; DataU1[5]    ;
; IGNORE_LCELL_BUFFERS         ; off   ; -    ; DataU1[4]    ;
; REMOVE_REDUNDANT_LOGIC_CELLS ; off   ; -    ; DataU1[4]    ;
; IGNORE_LCELL_BUFFERS         ; off   ; -    ; DataU1[3]    ;
; REMOVE_REDUNDANT_LOGIC_CELLS ; off   ; -    ; DataU1[3]    ;
; IGNORE_LCELL_BUFFERS         ; off   ; -    ; DataU1[2]    ;
; REMOVE_REDUNDANT_LOGIC_CELLS ; off   ; -    ; DataU1[2]    ;
; IGNORE_LCELL_BUFFERS         ; off   ; -    ; DataU1[1]    ;
; REMOVE_REDUNDANT_LOGIC_CELLS ; off   ; -    ; DataU1[1]    ;
; IGNORE_LCELL_BUFFERS         ; off   ; -    ; DataU1[0]    ;
; REMOVE_REDUNDANT_LOGIC_CELLS ; off   ; -    ; DataU1[0]    ;
+------------------------------+-------+------+--------------+


+------------------------------------------------------------+
; Source assignments for spi_func_module:U1                  ;
+------------------------------+-------+------+--------------+
; Assignment                   ; Value ; From ; To           ;
+------------------------------+-------+------+--------------+
; IGNORE_LCELL_BUFFERS         ; off   ; -    ; sck_riseedge ;
; REMOVE_REDUNDANT_LOGIC_CELLS ; off   ; -    ; sck_riseedge ;
; IGNORE_LCELL_BUFFERS         ; off   ; -    ; sck_falledge ;
; REMOVE_REDUNDANT_LOGIC_CELLS ; off   ; -    ; sck_falledge ;
+------------------------------+-------+------+--------------+


+--------------------------------------------------------------------+
; Parameter Settings for User Entity Instance: spi_control_module:U2 ;
+--------------------------+----------+------------------------------+
; Parameter Name           ; Value    ; Type                         ;
+--------------------------+----------+------------------------------+
; LED_CONTROL              ; 00000011 ; Unsigned Binary              ;
; TOP_LEFT_COXA_CONTROL    ; 00000100 ; Unsigned Binary              ;
; TOP_LEFT_FEMUR_CONTROL   ; 00000101 ; Unsigned Binary              ;
; TOP_LEFT_TIBIA_CONTROL   ; 00000110 ; Unsigned Binary              ;
; TOP_RIGHT_COXA_CONTROL   ; 00000111 ; Unsigned Binary              ;
; TOP_RIGHT_FEMUR_CONTROL  ; 00001000 ; Unsigned Binary              ;
; TOP_RIGHT_TIBIA_CONTROL  ; 00001001 ; Unsigned Binary              ;
; BACK_LEFT_COXA_CONTROL   ; 00001010 ; Unsigned Binary              ;
; BACK_LEFT_FEMUR_CONTROL  ; 00001011 ; Unsigned Binary              ;
; BACK_LEFT_TIBIA_CONTROL  ; 00001100 ; Unsigned Binary              ;
; BACK_RIGHT_COXA_CONTROL  ; 00001101 ; Unsigned Binary              ;
; BACK_RIGHT_FEMUR_CONTROL ; 00001110 ; Unsigned Binary              ;
; BACK_RIGHT_TIBIA_CONTROL ; 00001111 ; Unsigned Binary              ;
+--------------------------+----------+------------------------------+
Note: In order to hide this table in the UI and the text report file, please set the "Show Parameter Settings in Synthesis Report" option in "Analysis and Synthesis Settings -> More Settings" to "Off".


+---------------------------------------------------------------------------+
; Parameter Settings for User Entity Instance: pwm:PWM_Top_Left_Coxa_Module ;
+----------------+----------------------------------+-----------------------+
; Parameter Name ; Value                            ; Type                  ;
+----------------+----------------------------------+-----------------------+
; T20MS          ; 11110100001000111111             ; Unsigned Binary       ;
; T0_5MS         ; 00000000000000000110000110100111 ; Unsigned Binary       ;
; T0_75MS        ; 00000000000000001001001001111011 ; Unsigned Binary       ;
; T1_00MS        ; 00000000000000001100001101001111 ; Unsigned Binary       ;
; T1_25MS        ; 00000000000000001111010000100011 ; Unsigned Binary       ;
; T1_50MS        ; 00000000000000010010010011110111 ; Unsigned Binary       ;
; T1_75MS        ; 00000000000000010101010111001011 ; Unsigned Binary       ;
; T2_00MS        ; 00000000000000011000011010011111 ; Unsigned Binary       ;
; T2_25MS        ; 00000000000000011011011101110011 ; Unsigned Binary       ;
; T2_50MS        ; 00000000000000011110100001000111 ; Unsigned Binary       ;
+----------------+----------------------------------+-----------------------+
Note: In order to hide this table in the UI and the text report file, please set the "Show Parameter Settings in Synthesis Report" option in "Analysis and Synthesis Settings -> More Settings" to "Off".


+----------------------------------------------------------------------------+
; Parameter Settings for User Entity Instance: pwm:PWM_Top_Left_Femur_Module ;
+----------------+----------------------------------+------------------------+
; Parameter Name ; Value                            ; Type                   ;
+----------------+----------------------------------+------------------------+
; T20MS          ; 11110100001000111111             ; Unsigned Binary        ;
; T0_5MS         ; 00000000000000000110000110100111 ; Unsigned Binary        ;
; T0_75MS        ; 00000000000000001001001001111011 ; Unsigned Binary        ;
; T1_00MS        ; 00000000000000001100001101001111 ; Unsigned Binary        ;
; T1_25MS        ; 00000000000000001111010000100011 ; Unsigned Binary        ;
; T1_50MS        ; 00000000000000010010010011110111 ; Unsigned Binary        ;
; T1_75MS        ; 00000000000000010101010111001011 ; Unsigned Binary        ;
; T2_00MS        ; 00000000000000011000011010011111 ; Unsigned Binary        ;
; T2_25MS        ; 00000000000000011011011101110011 ; Unsigned Binary        ;
; T2_50MS        ; 00000000000000011110100001000111 ; Unsigned Binary        ;
+----------------+----------------------------------+------------------------+
Note: In order to hide this table in the UI and the text report file, please set the "Show Parameter Settings in Synthesis Report" option in "Analysis and Synthesis Settings -> More Settings" to "Off".


+----------------------------------------------------------------------------+
; Parameter Settings for User Entity Instance: pwm:PWM_Top_Left_Tibia_Module ;
+----------------+----------------------------------+------------------------+
; Parameter Name ; Value                            ; Type                   ;
+----------------+----------------------------------+------------------------+
; T20MS          ; 11110100001000111111             ; Unsigned Binary        ;
; T0_5MS         ; 00000000000000000110000110100111 ; Unsigned Binary        ;
; T0_75MS        ; 00000000000000001001001001111011 ; Unsigned Binary        ;
; T1_00MS        ; 00000000000000001100001101001111 ; Unsigned Binary        ;
; T1_25MS        ; 00000000000000001111010000100011 ; Unsigned Binary        ;
; T1_50MS        ; 00000000000000010010010011110111 ; Unsigned Binary        ;
; T1_75MS        ; 00000000000000010101010111001011 ; Unsigned Binary        ;
; T2_00MS        ; 00000000000000011000011010011111 ; Unsigned Binary        ;
; T2_25MS        ; 00000000000000011011011101110011 ; Unsigned Binary        ;
; T2_50MS        ; 00000000000000011110100001000111 ; Unsigned Binary        ;
+----------------+----------------------------------+------------------------+
Note: In order to hide this table in the UI and the text report file, please set the "Show Parameter Settings in Synthesis Report" option in "Analysis and Synthesis Settings -> More Settings" to "Off".


+----------------------------------------------------------------------------+
; Parameter Settings for User Entity Instance: pwm:PWM_Top_Right_Coxa_Module ;
+----------------+----------------------------------+------------------------+
; Parameter Name ; Value                            ; Type                   ;
+----------------+----------------------------------+------------------------+
; T20MS          ; 11110100001000111111             ; Unsigned Binary        ;
; T0_5MS         ; 00000000000000000110000110100111 ; Unsigned Binary        ;
; T0_75MS        ; 00000000000000001001001001111011 ; Unsigned Binary        ;
; T1_00MS        ; 00000000000000001100001101001111 ; Unsigned Binary        ;
; T1_25MS        ; 00000000000000001111010000100011 ; Unsigned Binary        ;
; T1_50MS        ; 00000000000000010010010011110111 ; Unsigned Binary        ;
; T1_75MS        ; 00000000000000010101010111001011 ; Unsigned Binary        ;
; T2_00MS        ; 00000000000000011000011010011111 ; Unsigned Binary        ;
; T2_25MS        ; 00000000000000011011011101110011 ; Unsigned Binary        ;
; T2_50MS        ; 00000000000000011110100001000111 ; Unsigned Binary        ;
+----------------+----------------------------------+------------------------+
Note: In order to hide this table in the UI and the text report file, please set the "Show Parameter Settings in Synthesis Report" option in "Analysis and Synthesis Settings -> More Settings" to "Off".


+-----------------------------------------------------------------------------+
; Parameter Settings for User Entity Instance: pwm:PWM_Top_Right_Femur_Module ;
+----------------+----------------------------------+-------------------------+
; Parameter Name ; Value                            ; Type                    ;
+----------------+----------------------------------+-------------------------+
; T20MS          ; 11110100001000111111             ; Unsigned Binary         ;
; T0_5MS         ; 00000000000000000110000110100111 ; Unsigned Binary         ;
; T0_75MS        ; 00000000000000001001001001111011 ; Unsigned Binary         ;
; T1_00MS        ; 00000000000000001100001101001111 ; Unsigned Binary         ;
; T1_25MS        ; 00000000000000001111010000100011 ; Unsigned Binary         ;
; T1_50MS        ; 00000000000000010010010011110111 ; Unsigned Binary         ;
; T1_75MS        ; 00000000000000010101010111001011 ; Unsigned Binary         ;
; T2_00MS        ; 00000000000000011000011010011111 ; Unsigned Binary         ;
; T2_25MS        ; 00000000000000011011011101110011 ; Unsigned Binary         ;
; T2_50MS        ; 00000000000000011110100001000111 ; Unsigned Binary         ;
+----------------+----------------------------------+-------------------------+
Note: In order to hide this table in the UI and the text report file, please set the "Show Parameter Settings in Synthesis Report" option in "Analysis and Synthesis Settings -> More Settings" to "Off".


+-----------------------------------------------------------------------------+
; Parameter Settings for User Entity Instance: pwm:PWM_Top_Right_Tibia_Module ;
+----------------+----------------------------------+-------------------------+
; Parameter Name ; Value                            ; Type                    ;
+----------------+----------------------------------+-------------------------+
; T20MS          ; 11110100001000111111             ; Unsigned Binary         ;
; T0_5MS         ; 00000000000000000110000110100111 ; Unsigned Binary         ;
; T0_75MS        ; 00000000000000001001001001111011 ; Unsigned Binary         ;
; T1_00MS        ; 00000000000000001100001101001111 ; Unsigned Binary         ;
; T1_25MS        ; 00000000000000001111010000100011 ; Unsigned Binary         ;
; T1_50MS        ; 00000000000000010010010011110111 ; Unsigned Binary         ;
; T1_75MS        ; 00000000000000010101010111001011 ; Unsigned Binary         ;
; T2_00MS        ; 00000000000000011000011010011111 ; Unsigned Binary         ;
; T2_25MS        ; 00000000000000011011011101110011 ; Unsigned Binary         ;
; T2_50MS        ; 00000000000000011110100001000111 ; Unsigned Binary         ;
+----------------+----------------------------------+-------------------------+
Note: In order to hide this table in the UI and the text report file, please set the "Show Parameter Settings in Synthesis Report" option in "Analysis and Synthesis Settings -> More Settings" to "Off".


+----------------------------------------------------------------------------+
; Parameter Settings for User Entity Instance: pwm:PWM_Back_Left_Coxa_Module ;
+----------------+----------------------------------+------------------------+
; Parameter Name ; Value                            ; Type                   ;
+----------------+----------------------------------+------------------------+
; T20MS          ; 11110100001000111111             ; Unsigned Binary        ;
; T0_5MS         ; 00000000000000000110000110100111 ; Unsigned Binary        ;
; T0_75MS        ; 00000000000000001001001001111011 ; Unsigned Binary        ;
; T1_00MS        ; 00000000000000001100001101001111 ; Unsigned Binary        ;
; T1_25MS        ; 00000000000000001111010000100011 ; Unsigned Binary        ;
; T1_50MS        ; 00000000000000010010010011110111 ; Unsigned Binary        ;
; T1_75MS        ; 00000000000000010101010111001011 ; Unsigned Binary        ;
; T2_00MS        ; 00000000000000011000011010011111 ; Unsigned Binary        ;
; T2_25MS        ; 00000000000000011011011101110011 ; Unsigned Binary        ;
; T2_50MS        ; 00000000000000011110100001000111 ; Unsigned Binary        ;
+----------------+----------------------------------+------------------------+
Note: In order to hide this table in the UI and the text report file, please set the "Show Parameter Settings in Synthesis Report" option in "Analysis and Synthesis Settings -> More Settings" to "Off".


+-----------------------------------------------------------------------------+
; Parameter Settings for User Entity Instance: pwm:PWM_Back_Left_Femur_Module ;
+----------------+----------------------------------+-------------------------+
; Parameter Name ; Value                            ; Type                    ;
+----------------+----------------------------------+-------------------------+
; T20MS          ; 11110100001000111111             ; Unsigned Binary         ;
; T0_5MS         ; 00000000000000000110000110100111 ; Unsigned Binary         ;
; T0_75MS        ; 00000000000000001001001001111011 ; Unsigned Binary         ;
; T1_00MS        ; 00000000000000001100001101001111 ; Unsigned Binary         ;
; T1_25MS        ; 00000000000000001111010000100011 ; Unsigned Binary         ;
; T1_50MS        ; 00000000000000010010010011110111 ; Unsigned Binary         ;
; T1_75MS        ; 00000000000000010101010111001011 ; Unsigned Binary         ;
; T2_00MS        ; 00000000000000011000011010011111 ; Unsigned Binary         ;
; T2_25MS        ; 00000000000000011011011101110011 ; Unsigned Binary         ;
; T2_50MS        ; 00000000000000011110100001000111 ; Unsigned Binary         ;
+----------------+----------------------------------+-------------------------+
Note: In order to hide this table in the UI and the text report file, please set the "Show Parameter Settings in Synthesis Report" option in "Analysis and Synthesis Settings -> More Settings" to "Off".


+-----------------------------------------------------------------------------+
; Parameter Settings for User Entity Instance: pwm:PWM_Back_Left_Tibia_Module ;
+----------------+----------------------------------+-------------------------+
; Parameter Name ; Value                            ; Type                    ;
+----------------+----------------------------------+-------------------------+
; T20MS          ; 11110100001000111111             ; Unsigned Binary         ;
; T0_5MS         ; 00000000000000000110000110100111 ; Unsigned Binary         ;
; T0_75MS        ; 00000000000000001001001001111011 ; Unsigned Binary         ;
; T1_00MS        ; 00000000000000001100001101001111 ; Unsigned Binary         ;
; T1_25MS        ; 00000000000000001111010000100011 ; Unsigned Binary         ;
; T1_50MS        ; 00000000000000010010010011110111 ; Unsigned Binary         ;
; T1_75MS        ; 00000000000000010101010111001011 ; Unsigned Binary         ;
; T2_00MS        ; 00000000000000011000011010011111 ; Unsigned Binary         ;
; T2_25MS        ; 00000000000000011011011101110011 ; Unsigned Binary         ;
; T2_50MS        ; 00000000000000011110100001000111 ; Unsigned Binary         ;
+----------------+----------------------------------+-------------------------+
Note: In order to hide this table in the UI and the text report file, please set the "Show Parameter Settings in Synthesis Report" option in "Analysis and Synthesis Settings -> More Settings" to "Off".


+-----------------------------------------------------------------------------+
; Parameter Settings for User Entity Instance: pwm:PWM_Back_Right_Coxa_Module ;
+----------------+----------------------------------+-------------------------+
; Parameter Name ; Value                            ; Type                    ;
+----------------+----------------------------------+-------------------------+
; T20MS          ; 11110100001000111111             ; Unsigned Binary         ;
; T0_5MS         ; 00000000000000000110000110100111 ; Unsigned Binary         ;
; T0_75MS        ; 00000000000000001001001001111011 ; Unsigned Binary         ;
; T1_00MS        ; 00000000000000001100001101001111 ; Unsigned Binary         ;
; T1_25MS        ; 00000000000000001111010000100011 ; Unsigned Binary         ;
; T1_50MS        ; 00000000000000010010010011110111 ; Unsigned Binary         ;
; T1_75MS        ; 00000000000000010101010111001011 ; Unsigned Binary         ;
; T2_00MS        ; 00000000000000011000011010011111 ; Unsigned Binary         ;
; T2_25MS        ; 00000000000000011011011101110011 ; Unsigned Binary         ;
; T2_50MS        ; 00000000000000011110100001000111 ; Unsigned Binary         ;
+----------------+----------------------------------+-------------------------+
Note: In order to hide this table in the UI and the text report file, please set the "Show Parameter Settings in Synthesis Report" option in "Analysis and Synthesis Settings -> More Settings" to "Off".


+------------------------------------------------------------------------------+
; Parameter Settings for User Entity Instance: pwm:PWM_Back_Right_Femur_Module ;
+----------------+----------------------------------+--------------------------+
; Parameter Name ; Value                            ; Type                     ;
+----------------+----------------------------------+--------------------------+
; T20MS          ; 11110100001000111111             ; Unsigned Binary          ;
; T0_5MS         ; 00000000000000000110000110100111 ; Unsigned Binary          ;
; T0_75MS        ; 00000000000000001001001001111011 ; Unsigned Binary          ;
; T1_00MS        ; 00000000000000001100001101001111 ; Unsigned Binary          ;
; T1_25MS        ; 00000000000000001111010000100011 ; Unsigned Binary          ;
; T1_50MS        ; 00000000000000010010010011110111 ; Unsigned Binary          ;
; T1_75MS        ; 00000000000000010101010111001011 ; Unsigned Binary          ;
; T2_00MS        ; 00000000000000011000011010011111 ; Unsigned Binary          ;
; T2_25MS        ; 00000000000000011011011101110011 ; Unsigned Binary          ;
; T2_50MS        ; 00000000000000011110100001000111 ; Unsigned Binary          ;
+----------------+----------------------------------+--------------------------+
Note: In order to hide this table in the UI and the text report file, please set the "Show Parameter Settings in Synthesis Report" option in "Analysis and Synthesis Settings -> More Settings" to "Off".


+------------------------------------------------------------------------------+
; Parameter Settings for User Entity Instance: pwm:PWM_Back_Right_Tibia_Module ;
+----------------+----------------------------------+--------------------------+
; Parameter Name ; Value                            ; Type                     ;
+----------------+----------------------------------+--------------------------+
; T20MS          ; 11110100001000111111             ; Unsigned Binary          ;
; T0_5MS         ; 00000000000000000110000110100111 ; Unsigned Binary          ;
; T0_75MS        ; 00000000000000001001001001111011 ; Unsigned Binary          ;
; T1_00MS        ; 00000000000000001100001101001111 ; Unsigned Binary          ;
; T1_25MS        ; 00000000000000001111010000100011 ; Unsigned Binary          ;
; T1_50MS        ; 00000000000000010010010011110111 ; Unsigned Binary          ;
; T1_75MS        ; 00000000000000010101010111001011 ; Unsigned Binary          ;
; T2_00MS        ; 00000000000000011000011010011111 ; Unsigned Binary          ;
; T2_25MS        ; 00000000000000011011011101110011 ; Unsigned Binary          ;
; T2_50MS        ; 00000000000000011110100001000111 ; Unsigned Binary          ;
+----------------+----------------------------------+--------------------------+
Note: In order to hide this table in the UI and the text report file, please set the "Show Parameter Settings in Synthesis Report" option in "Analysis and Synthesis Settings -> More Settings" to "Off".


+-------------------------------+
; Elapsed Time Per Partition    ;
+----------------+--------------+
; Partition Name ; Elapsed Time ;
+----------------+--------------+
; Top            ; 00:00:02     ;
+----------------+--------------+


+-------------------------------+
; Analysis & Synthesis Messages ;
+-------------------------------+
Info: *******************************************************************
Info: Running Quartus II 64-Bit Analysis & Synthesis
    Info: Version 13.1.0 Build 162 10/23/2013 SJ Full Version
    Info: Processing started: Sat Nov 30 19:23:13 2019
Info: Command: quartus_map --read_settings_files=on --write_settings_files=off spi -c spi
Info (20030): Parallel compilation is enabled and will use 4 of the 4 processors detected
Info (12021): Found 1 design units, including 1 entities, in source file /openedvfpga/spider_robot/module/pwm.v
    Info (12023): Found entity 1: pwm
Warning (10275): Verilog HDL Module Instantiation warning at spi_slave_module.v(94): ignored dangling comma in List of Port Connections
Warning (10275): Verilog HDL Module Instantiation warning at spi_slave_module.v(101): ignored dangling comma in List of Port Connections
Warning (10275): Verilog HDL Module Instantiation warning at spi_slave_module.v(108): ignored dangling comma in List of Port Connections
Warning (10275): Verilog HDL Module Instantiation warning at spi_slave_module.v(115): ignored dangling comma in List of Port Connections
Warning (10275): Verilog HDL Module Instantiation warning at spi_slave_module.v(122): ignored dangling comma in List of Port Connections
Warning (10275): Verilog HDL Module Instantiation warning at spi_slave_module.v(129): ignored dangling comma in List of Port Connections
Warning (10275): Verilog HDL Module Instantiation warning at spi_slave_module.v(136): ignored dangling comma in List of Port Connections
Warning (10275): Verilog HDL Module Instantiation warning at spi_slave_module.v(143): ignored dangling comma in List of Port Connections
Warning (10275): Verilog HDL Module Instantiation warning at spi_slave_module.v(150): ignored dangling comma in List of Port Connections
Warning (10275): Verilog HDL Module Instantiation warning at spi_slave_module.v(157): ignored dangling comma in List of Port Connections
Warning (10275): Verilog HDL Module Instantiation warning at spi_slave_module.v(164): ignored dangling comma in List of Port Connections
Warning (10275): Verilog HDL Module Instantiation warning at spi_slave_module.v(171): ignored dangling comma in List of Port Connections
Info (12021): Found 1 design units, including 1 entities, in source file /openedvfpga/spider_robot/module/spi_slave_module.v
    Info (12023): Found entity 1: spi_slave_module
Info (12021): Found 1 design units, including 1 entities, in source file /openedvfpga/spider_robot/module/spi_control_module.v
    Info (12023): Found entity 1: spi_control_module
Info (12021): Found 1 design units, including 1 entities, in source file /openedvfpga/spider_robot/module/spi_func_module.v
    Info (12023): Found entity 1: spi_func_module
Info (12127): Elaborating entity "spi_slave_module" for the top level hierarchy
Info (12128): Elaborating entity "spi_func_module" for hierarchy "spi_func_module:U1"
Info (12128): Elaborating entity "spi_control_module" for hierarchy "spi_control_module:U2"
Warning (10230): Verilog HDL assignment warning at spi_control_module.v(170): truncated value with size 8 to match size of target (3)
Info (12128): Elaborating entity "pwm" for hierarchy "pwm:PWM_Top_Left_Coxa_Module"
Info (286030): Timing-Driven Synthesis is running
Info (17016): Found the following redundant logic cells in design
    Info (17048): Logic cell "DataU1[0]"
    Info (17048): Logic cell "DoneU1[1]"
    Info (17048): Logic cell "DataU1[1]"
    Info (17048): Logic cell "DataU1[2]"
    Info (17048): Logic cell "DoneU1[0]"
    Info (17048): Logic cell "DataU1[3]"
    Info (17048): Logic cell "DataU1[6]"
    Info (17048): Logic cell "DataU1[4]"
    Info (17048): Logic cell "DataU1[7]"
    Info (17048): Logic cell "DataU1[5]"
Info (16010): Generating hard_block partition "hard_block:auto_generated_inst"
    Info (16011): Adding 0 node(s), including 0 DDIO, 0 PLL, 0 transceiver and 0 LCELL
Info (21057): Implemented 482 device resources after synthesis - the final resource count might be different
    Info (21058): Implemented 5 input pins
    Info (21059): Implemented 16 output pins
    Info (21061): Implemented 461 logic cells
Info: Quartus II 64-Bit Analysis & Synthesis was successful. 0 errors, 13 warnings
    Info: Peak virtual memory: 504 megabytes
    Info: Processing ended: Sat Nov 30 19:23:17 2019
    Info: Elapsed time: 00:00:04
    Info: Total CPU time (on all processors): 00:00:04


